exports[`class Loading extends /* istanbul ignore next */_react2.default.Component {

  render() {
    return (
      /* istanbul ignore next */_react2.default.createElement( /* istanbul ignore next */"div", /* istanbul ignore next */{ className: this.props.hasLoaded, __source: { fileName: _jsxFileName, lineNumber: 7 }, __self: this },
        /* istanbul ignore next */_react2.default.createElement( /* istanbul ignore next */"span", /* istanbul ignore next */{ className: "loader", __source: { fileName: _jsxFileName, lineNumber: 8 }, __self: this },
          /* istanbul ignore next */_react2.default.createElement( /* istanbul ignore next */"div", /* istanbul ignore next */{ className: "loader-indicator", __source: { fileName: _jsxFileName, lineNumber: 9 }, __self: this },
            /* istanbul ignore next */_react2.default.createElement( /* istanbul ignore next */"h1", /* istanbul ignore next */{ __source: { fileName: _jsxFileName, lineNumber: 10 }, __self: this },
              /* istanbul ignore next */_react2.default.createElement( /* istanbul ignore next */"span", /* istanbul ignore next */{ __source: { fileName: _jsxFileName, lineNumber: 11 }, __self: this }, /* istanbul ignore next */"Loading"),
              /* istanbul ignore next */_react2.default.createElement( /* istanbul ignore next */"span", /* istanbul ignore next */{ className: "loader-ellipsis", __source: { fileName: _jsxFileName, lineNumber: 12 }, __self: this },
                /* istanbul ignore next */_react2.default.createElement( /* istanbul ignore next */"span", /* istanbul ignore next */{ className: "loader-ellipsisDot", __source: { fileName: _jsxFileName, lineNumber: 13 }, __self: this }, /* istanbul ignore next */"."),
                /* istanbul ignore next */_react2.default.createElement( /* istanbul ignore next */"span", /* istanbul ignore next */{ className: "loader-ellipsisDot", __source: { fileName: _jsxFileName, lineNumber: 14 }, __self: this }, /* istanbul ignore next */"."),
                /* istanbul ignore next */_react2.default.createElement( /* istanbul ignore next */"span", /* istanbul ignore next */{ className: "loader-ellipsisDot", __source: { fileName: _jsxFileName, lineNumber: 15 }, __self: this }, /* istanbul ignore next */".")))))));






  }} renders and matches our snapshot 1`] = `
<div
  className="loading-bar">
  <span
    className="loader">
    <div
      className="loader-indicator">
      <h1>
        <span>
          Loading
        </span>
        <span
          className="loader-ellipsis">
          <span
            className="loader-ellipsisDot">
            .
          </span>
          <span
            className="loader-ellipsisDot">
            .
          </span>
          <span
            className="loader-ellipsisDot">
            .
          </span>
        </span>
      </h1>
    </div>
  </span>
</div>
`;
